{
  "count": 2,
  "wordUnits": [
    {
      "v1": "run",
      "v2": "бежать"
    },
    {
      "v1": "cat",
      "v2": "Кот"
    },
    {
      "v1": "ran",
      "v2": "бежал"
    },
    {
      "v1": "ran",
      "v2": "бежал"
    }
  ]
}